1536
0: 1
1: 2
2: 25
3: 202
4: 620
5: 900
6: 285
7: 13
8: 0
9: 0
10: 0
