FL1 UB0 DB0 FR1 UR0 UL0 DL0 DR0 UF1 DF1 BL0 BR0 UFL1 UBL0 DFR1 DBR0 DFL2 UBR0 UFR2 DBL0
