UL0 UR0 DB0 DF0 UF0 UB0 DL0 DR0 FR0 FL0 BL0 BR0 UFL0 UBR0 DFL0 DBR0 UBL0 UFR0 DFR0 DBL0
