UF0 BR1 BL1 DF0 UR0 UL0 DL0 DR0 FR0 FL0 UB1 DB1 UFR0 UBR1 DFL0 DBL1 UFL0 DBR2 DFR0 UBL2
