UF0 UB0 DR0 DL0 UR0 UL0 DB0 DF0 FR0 FL0 BL0 BR0 UFR0 UBL0 DBL0 DFR0 UFL0 UBR0 DFL0 DBR0
