UF0 UB0 DB0 DF0 FR0 UL0 DL0 BR0 DR0 FL0 BL0 UR0 DFR2 UBL0 DFL0 UBR2 UFL0 UFR1 DBR1 DBL0
