UF0 BL1 BR1 DF0 UR0 UL0 DL0 DR0 FR0 FL0 DB1 UB1 UFR0 DBL1 DFL0 UBR1 UFL0 UBL2 DFR0 DBR2
