UF0 UB0 DL0 DR0 UR0 UL0 DF0 DB0 FR0 FL0 BL0 BR0 UFR0 UBL0 DFR0 DBL0 UFL0 UBR0 DBR0 DFL0
