UF0 UB0 DB0 DF0 UR0 BL0 FL0 DR0 FR0 UL0 DL0 BR0 UFR0 DBL2 UFL2 DBR0 UBL1 UBR0 DFR0 DFL1
