FR1 UB0 DB0 FL1 UR0 UL0 DL0 DR0 DF1 UF1 BL0 BR0 DFR1 UBL0 UFL1 DBR0 UFR2 UBR0 DFL2 DBL0
