UF0 UB0 DB0 DF0 BR0 UL0 DL0 FR0 UR0 FL0 BL0 DR0 UBR2 UBL0 DFL0 DFR2 UFL0 DBR1 UFR1 DBL0
