UF0 UB0 DB0 DF0 UR0 FL0 BL0 DR0 FR0 DL0 UL0 BR0 UFR0 UFL2 DBL2 DBR0 DFL1 UBR0 DFR0 UBL1
