UF0 UB0 DF0 DB0 UR0 UL0 DR0 DL0 FR0 FL0 BL0 BR0 UFR0 UBL0 DBR0 DFL0 UFL0 UBR0 DBL0 DFR0
