UF0 UB0 DB0 DF0 DR0 UL0 DL0 UR0 BR0 FL0 BL0 FR0 DBR0 UBL0 DFL0 UFR0 UFL0 DFR0 UBR0 DBL0
