939880
Classes (ESEP only): 782
0: 1
1: 1
2: 3
3: 23
4: 235
5: 2281
6: 22069
