
Number of solutions: 1
Shortest solution length: 0
Used bytes: 1
