U F R D2 B'
Number of solutions: 1
Shortest solution length: 5
Used bytes: 12
