U F R
B D L
U' L' B'
R' B' D'
Number of solutions: 4
Shortest solution length: 3
Used bytes: 30
