U F B2 D' F' R
Number of solutions: 1
Shortest solution length: 6
Used bytes: 15
