U F B2 (R' F D)
Number of solutions: 1
Shortest solution length: 6
Used bytes: 16
