R' L F B2
Number of solutions: 1
Shortest solution length: 4
Used bytes: 10
