R2 L B2
Number of solutions: 1
Shortest solution length: 3
Used bytes: 8
