Number of solutions: 0
Shortest solution length: 21
Used bytes: 0
