(F)
Number of solutions: 1
Shortest solution length: 1
Used bytes: 4
