D2 R L F'
Number of solutions: 1
Shortest solution length: 4
Used bytes: 10
